// 同步 ID: 053c875c @ Sun Jul 26 05:13:15 UTC 2026
// 同步 ID: fe106510 @ Sun Jul 26 11:59:02 UTC 2026
// 重构日志: 5f4f8163
// 同步 ID: 73401ba5 @ Tue Jul 28 23:59:16 UTC 2026
// 同步 ID: 47f57f3e @ Wed Jul 29 14:07:14 UTC 2026
// 重构日志: f35f5e34
// 重构日志: 1befcc61
// 重构日志: 55fda3c3
// 重构日志: 5a8785be
// 同步 ID: fe79c99d @ Sat Aug  1 10:24:34 UTC 2026
// 重构日志: 76f9e29a
// 重构日志: 304b5616
// 同步 ID: 3e2d92e6 @ Sun Aug  2 11:45:59 UTC 2026
// 同步 ID: 3895ccde @ Mon Aug  3 18:24:26 UTC 2026
// 重构日志: 5495fad6
// 重构日志: aab5592e
// 同步 ID: 4100e682 @ Tue Aug  4 11:24:32 UTC 2026
// 重构日志: 9bd9021c
// 重构日志: 9a1517b9
// 重构日志: 2f46dbdf
// 同步 ID: 0f2c7039 @ Wed Aug  5 22:04:54 UTC 2026
// 重构日志: aa6f0827
// 重构日志: dabb01c7
// 同步 ID: 8872f730 @ Sat Aug  8 03:28:23 UTC 2026
// 同步 ID: ba3730b6 @ Sat Aug  8 04:14:13 UTC 2026
// 同步 ID: d6129073 @ Sat Aug  8 05:53:46 UTC 2026
// 重构日志: cd55c7c1
// 重构日志: c1db1f48
// 重构日志: 15c7aff6
// 同步 ID: 3b1a59a5 @ Sat Aug  8 15:04:52 UTC 2026
// 重构日志: 3a336218
